
> Configure project :
Fabric Loom: 1.17.17

> Task :clean

> Task :compileJava FAILED
/home/florentem/vibecode_bullshit/mods/svcntrl/src/main/java/com/svcntrl/SvcntrlMod.java:192: error: method setRaycasting in class UXManager cannot be applied to given types;
            UXManager.getInstance().setRaycasting(player.getUUID());
                                   ^
  required: UUID,boolean
  found:    UUID
  reason: actual and formal argument lists differ in length
1 error

[Incubating] Problems report is available at: file:///home/florentem/vibecode_bullshit/mods/svcntrl/build/reports/problems/problems-report.html

FAILURE: Build failed with an exception.

* What went wrong:
Execution failed for task ':compileJava' (registered by plugin class 'org.gradle.api.plugins.JavaBasePlugin').
> Compilation failed; see the compiler output below.
  /home/florentem/vibecode_bullshit/mods/svcntrl/src/main/java/com/svcntrl/SvcntrlMod.java:192: error: method setRaycasting in class UXManager cannot be applied to given types;
              UXManager.getInstance().setRaycasting(player.getUUID());
                                     ^
    required: UUID,boolean
    found:    UUID
    reason: actual and formal argument lists differ in length
  1 error

* Try:
> Check your code and dependencies to fix the compilation error(s)
> Run with --scan to get full insights from a Build Scan (powered by Develocity).

Deprecated Gradle features were used in this build, making it incompatible with Gradle 10.

You can use '--warning-mode all' to show the individual deprecation warnings and determine if they come from your own scripts or plugins.

For more on this, please refer to https://docs.gradle.org/9.6.1/userguide/command_line_interface.html#sec:command_line_warnings in the Gradle documentation.

BUILD FAILED in 2s
2 actionable tasks: 2 executed
